.next/types/validator.ts(25,44): error TS2344: Type 'Route' does not satisfy the constraint 'never'.
  Type '"/"' is not assignable to type 'never'.
.next/types/validator.ts(25,75): error TS2344: Type 'Route' does not satisfy the constraint 'never'.
  Type '"/"' is not assignable to type 'never'.
app/flight-plan/page.tsx(3,10): error TS2300: Duplicate identifier 'useState'.
app/flight-plan/page.tsx(4,8): error TS2300: Duplicate identifier 'Link'.
app/flight-plan/page.tsx(10,6): error TS2300: Duplicate identifier 'FlightInfo'.
app/flight-plan/page.tsx(21,6): error TS2300: Duplicate identifier 'WeatherInfo'.
app/flight-plan/page.tsx(33,6): error TS2300: Duplicate identifier 'NotamInfo'.
app/flight-plan/page.tsx(41,6): error TS2300: Duplicate identifier 'FuelInfo'.
app/flight-plan/page.tsx(50,6): error TS2300: Duplicate identifier 'AnalyzeResult'.
app/flight-plan/page.tsx(68,10): error TS2393: Duplicate function implementation.
app/flight-plan/page.tsx(104,10): error TS2393: Duplicate function implementation.
app/flight-plan/page.tsx(164,10): error TS2393: Duplicate function implementation.
app/flight-plan/page.tsx(249,10): error TS2393: Duplicate function implementation.
app/flight-plan/page.tsx(273,10): error TS2393: Duplicate function implementation.
app/flight-plan/page.tsx(286,25): error TS2323: Cannot redeclare exported variable 'default'.
app/flight-plan/page.tsx(286,25): error TS2393: Duplicate function implementation.
app/flight-plan/page.tsx(426,10): error TS2300: Duplicate identifier 'useState'.
app/flight-plan/page.tsx(427,8): error TS2300: Duplicate identifier 'Link'.
app/flight-plan/page.tsx(433,6): error TS2300: Duplicate identifier 'FlightInfo'.
app/flight-plan/page.tsx(444,6): error TS2300: Duplicate identifier 'WeatherInfo'.
app/flight-plan/page.tsx(456,6): error TS2300: Duplicate identifier 'NotamInfo'.
app/flight-plan/page.tsx(464,6): error TS2300: Duplicate identifier 'FuelInfo'.
app/flight-plan/page.tsx(473,6): error TS2300: Duplicate identifier 'AnalyzeResult'.
app/flight-plan/page.tsx(491,10): error TS2393: Duplicate function implementation.
app/flight-plan/page.tsx(527,10): error TS2393: Duplicate function implementation.
app/flight-plan/page.tsx(587,10): error TS2393: Duplicate function implementation.
app/flight-plan/page.tsx(672,10): error TS2393: Duplicate function implementation.
app/flight-plan/page.tsx(696,10): error TS2393: Duplicate function implementation.
app/flight-plan/page.tsx(709,25): error TS2323: Cannot redeclare exported variable 'default'.
app/flight-plan/page.tsx(709,25): error TS2393: Duplicate function implementation.
src/app/flight-plan/page.tsx(3,10): error TS2300: Duplicate identifier 'useState'.
src/app/flight-plan/page.tsx(4,8): error TS2300: Duplicate identifier 'Link'.
src/app/flight-plan/page.tsx(10,6): error TS2300: Duplicate identifier 'FlightInfo'.
src/app/flight-plan/page.tsx(21,6): error TS2300: Duplicate identifier 'WeatherInfo'.
src/app/flight-plan/page.tsx(33,6): error TS2300: Duplicate identifier 'NotamInfo'.
src/app/flight-plan/page.tsx(41,6): error TS2300: Duplicate identifier 'FuelInfo'.
src/app/flight-plan/page.tsx(50,6): error TS2300: Duplicate identifier 'AnalyzeResult'.
src/app/flight-plan/page.tsx(68,10): error TS2393: Duplicate function implementation.
src/app/flight-plan/page.tsx(104,10): error TS2393: Duplicate function implementation.
src/app/flight-plan/page.tsx(164,10): error TS2393: Duplicate function implementation.
src/app/flight-plan/page.tsx(249,10): error TS2393: Duplicate function implementation.
src/app/flight-plan/page.tsx(273,10): error TS2393: Duplicate function implementation.
src/app/flight-plan/page.tsx(286,25): error TS2323: Cannot redeclare exported variable 'default'.
src/app/flight-plan/page.tsx(286,25): error TS2393: Duplicate function implementation.
src/app/flight-plan/page.tsx(426,10): error TS2300: Duplicate identifier 'useState'.
src/app/flight-plan/page.tsx(427,8): error TS2300: Duplicate identifier 'Link'.
src/app/flight-plan/page.tsx(433,6): error TS2300: Duplicate identifier 'FlightInfo'.
src/app/flight-plan/page.tsx(444,6): error TS2300: Duplicate identifier 'WeatherInfo'.
src/app/flight-plan/page.tsx(456,6): error TS2300: Duplicate identifier 'NotamInfo'.
src/app/flight-plan/page.tsx(464,6): error TS2300: Duplicate identifier 'FuelInfo'.
src/app/flight-plan/page.tsx(473,6): error TS2300: Duplicate identifier 'AnalyzeResult'.
src/app/flight-plan/page.tsx(491,10): error TS2393: Duplicate function implementation.
src/app/flight-plan/page.tsx(527,10): error TS2393: Duplicate function implementation.
src/app/flight-plan/page.tsx(587,10): error TS2393: Duplicate function implementation.
src/app/flight-plan/page.tsx(672,10): error TS2393: Duplicate function implementation.
src/app/flight-plan/page.tsx(696,10): error TS2393: Duplicate function implementation.
src/app/flight-plan/page.tsx(709,25): error TS2323: Cannot redeclare exported variable 'default'.
src/app/flight-plan/page.tsx(709,25): error TS2393: Duplicate function implementation.
